EN maquinaexpendedora NULL "C:/Users/Joan/Desktop/ISE PROYECT/MaquinaArcade/Arcade.vhd" sub00/vhpl00 1653489098
EN maquinaarcade NULL "C:/Users/Joan/Desktop/ISE PROYECT/MaquinaArcade/Arcade.vhd" sub00/vhpl01 1653489585
AR maquinaarcade behavioral "C:/Users/Joan/Desktop/ISE PROYECT/MaquinaArcade/Arcade.vhd" sub00/vhpl02 1653489586
