V3 3
FL "C:/Users/Joan/Desktop/ISE PROYECT/MaquinaArcade/Arcade.vhd" 2022/05/25.09:39:43 P.20131013
EN work/MaquinaArcade 1653489585 \
      FL "C:/Users/Joan/Desktop/ISE PROYECT/MaquinaArcade/Arcade.vhd" \
      PB ieee/std_logic_1164 1381692176
AR work/MaquinaArcade/Behavioral 1653489586 \
      FL "C:/Users/Joan/Desktop/ISE PROYECT/MaquinaArcade/Arcade.vhd" \
      EN work/MaquinaArcade 1653489585
